// Jest Snapshot v1, https://goo.gl/fbAQLP

exports[`test AutoComplete external utils should loading match snapshot: loading 1`] = `
<body>
  <div>
    <div
      class="loading-spinner"
    >
      <div />
    </div>
  </div>
</body>
`;
